
> bolsocheio@1.0.0 build
> tsc -b && vite build

src/components/profile/TelegramVerification.tsx(12,20): error TS6133: 'updateProfile' is declared but its value is never read.
src/components/ui/Button.tsx(32,6): error TS2322: Type '{ children: ReactNode; form?: string | undefined; formAction?: string | ((formData: FormData) => void | Promise<void>) | undefined; formEncType?: string | undefined; ... 286 more ...; disabled: boolean | undefined; }' is not assignable to type 'Omit<HTMLMotionProps<"button">, "ref">'.
  Types of property 'onAnimationStart' are incompatible.
    Type 'AnimationEventHandler<HTMLButtonElement> | undefined' is not assignable to type '((definition: AnimationDefinition) => void) | undefined'.
      Type 'AnimationEventHandler<HTMLButtonElement>' is not assignable to type '(definition: AnimationDefinition) => void'.
        Types of parameters 'event' and 'definition' are incompatible.
          Type 'AnimationDefinition' is not assignable to type 'AnimationEvent<HTMLButtonElement>'.
            Type 'string' is not assignable to type 'AnimationEvent<HTMLButtonElement>'.
src/contexts/AppContext.tsx(4,1): error TS6133: 'TransactionRow' is declared but its value is never read.
